Archive member included to satisfy reference by file (symbol)

/home/samjin-rnd-pc/st-device-sdk-c-ref/apps/esp8266/ST_samjin_wallswitch/build/bootloader/main/libmain.a(bootloader_start.o)
                              (call_start_cpu)
/home/samjin-rnd-pc/st-device-sdk-c-ref/apps/esp8266/ST_samjin_wallswitch/build/bootloader/bootloader_support/libbootloader_support.a(bootloader_init.o)
                              /home/samjin-rnd-pc/st-device-sdk-c-ref/apps/esp8266/ST_samjin_wallswitch/build/bootloader/main/libmain.a(bootloader_start.o) (bootloader_init)
/home/samjin-rnd-pc/st-device-sdk-c-ref/apps/esp8266/ST_samjin_wallswitch/build/bootloader/bootloader_support/libbootloader_support.a(bootloader_utility.o)
                              /home/samjin-rnd-pc/st-device-sdk-c-ref/apps/esp8266/ST_samjin_wallswitch/build/bootloader/main/libmain.a(bootloader_start.o) (bootloader_utility_load_partition_table)
/home/samjin-rnd-pc/st-device-sdk-c-ref/apps/esp8266/ST_samjin_wallswitch/build/bootloader/bootloader_support/libbootloader_support.a(bootloader_common.o)
                              /home/samjin-rnd-pc/st-device-sdk-c-ref/apps/esp8266/ST_samjin_wallswitch/build/bootloader/bootloader_support/libbootloader_support.a(bootloader_utility.o) (bootloader_common_ota_select_valid)
/home/samjin-rnd-pc/st-device-sdk-c-ref/apps/esp8266/ST_samjin_wallswitch/build/bootloader/bootloader_support/libbootloader_support.a(flash_partitions.o)
                              /home/samjin-rnd-pc/st-device-sdk-c-ref/apps/esp8266/ST_samjin_wallswitch/build/bootloader/bootloader_support/libbootloader_support.a(bootloader_utility.o) (esp_partition_table_basic_verify)
/home/samjin-rnd-pc/st-device-sdk-c-ref/apps/esp8266/ST_samjin_wallswitch/build/bootloader/bootloader_support/libbootloader_support.a(esp_image_format.o)
                              /home/samjin-rnd-pc/st-device-sdk-c-ref/apps/esp8266/ST_samjin_wallswitch/build/bootloader/bootloader_support/libbootloader_support.a(bootloader_utility.o) (esp_image_load)
/home/samjin-rnd-pc/st-device-sdk-c-ref/apps/esp8266/ST_samjin_wallswitch/build/bootloader/bootloader_support/libbootloader_support.a(bootloader_flash.o)
                              /home/samjin-rnd-pc/st-device-sdk-c-ref/apps/esp8266/ST_samjin_wallswitch/build/bootloader/bootloader_support/libbootloader_support.a(bootloader_utility.o) (bootloader_mmap)
/home/samjin-rnd-pc/st-device-sdk-c-ref/apps/esp8266/ST_samjin_wallswitch/build/bootloader/spi_flash/libspi_flash.a(spi_flash.o)
                              /home/samjin-rnd-pc/st-device-sdk-c-ref/apps/esp8266/ST_samjin_wallswitch/build/bootloader/bootloader_support/libbootloader_support.a(flash_partitions.o) (g_rom_flashchip)
/home/samjin-rnd-pc/st-device-sdk-c-ref/apps/esp8266/ST_samjin_wallswitch/build/bootloader/spi_flash/libspi_flash.a(spi_flash_raw.o)
                              /home/samjin-rnd-pc/st-device-sdk-c-ref/apps/esp8266/ST_samjin_wallswitch/build/bootloader/spi_flash/libspi_flash.a(spi_flash.o) (spi_flash_get_id_raw)
/home/samjin-rnd-pc/st-device-sdk-c-ref/apps/esp8266/ST_samjin_wallswitch/build/bootloader/log/liblog.a(log.o)
                              /home/samjin-rnd-pc/st-device-sdk-c-ref/apps/esp8266/ST_samjin_wallswitch/build/bootloader/bootloader_support/libbootloader_support.a(bootloader_common.o) (esp_log_early_timestamp)
/home/samjin-rnd-pc/st-device-sdk-c-ref/apps/esp8266/ST_samjin_wallswitch/build/bootloader/esp8266/libesp8266.a(ets_printf.o)
                              /home/samjin-rnd-pc/st-device-sdk-c-ref/apps/esp8266/ST_samjin_wallswitch/build/bootloader/log/liblog.a(log.o) (ets_vprintf)
/home/samjin-rnd-pc/st-device-sdk-c-ref/apps/esp8266/ST_samjin_wallswitch/build/bootloader/esp8266/libesp8266.a(crc.o)
                              /home/samjin-rnd-pc/st-device-sdk-c-ref/apps/esp8266/ST_samjin_wallswitch/build/bootloader/bootloader_support/libbootloader_support.a(bootloader_common.o) (crc32_le)
/home/samjin-rnd-pc/st-device-sdk-c-ref/apps/esp8266/ST_samjin_wallswitch/build/bootloader/esp8266/libesp8266.a(esp_fast_boot.o)
                              /home/samjin-rnd-pc/st-device-sdk-c-ref/apps/esp8266/ST_samjin_wallswitch/build/bootloader/bootloader_support/libbootloader_support.a(bootloader_utility.o) (esp_fast_boot_get_info)
/home/samjin-rnd-pc/st-device-sdk-c-ref/bsp/esp8266/components/esp8266/lib/libcore.a(phy.o)
                              /home/samjin-rnd-pc/st-device-sdk-c-ref/apps/esp8266/ST_samjin_wallswitch/build/bootloader/bootloader_support/libbootloader_support.a(bootloader_init.o) (phy_reg_default)

Allocating common symbols
Common symbol       size              file

esp_image_spi_freq_t
                    0x4               /home/samjin-rnd-pc/st-device-sdk-c-ref/apps/esp8266/ST_samjin_wallswitch/build/bootloader/main/libmain.a(bootloader_start.o)

Discarded input sections

[...]
Memory Configuration

Name             Origin             Length             Attributes
dport0_seg       0x000000003ff00000 0x0000000000000010
dram_seg         0x000000003ffe8000 0x0000000000017c00
iram_seg         0x0000000040100000 0x0000000000008000
*default*        0x0000000000000000 0xffffffffffffffff

Linker script and memory map

START GROUP
LOAD /home/samjin-rnd-pc/st-device-sdk-c-ref/apps/esp8266/ST_samjin_wallswitch/build/bootloader/main/libmain.a
LOAD /home/samjin-rnd-pc/st-device-sdk-c-ref/bsp/esp8266/components/esp8266/lib/libcore.a
LOAD /home/samjin-rnd-pc/st-device-sdk-c-ref/apps/esp8266/ST_samjin_wallswitch/build/bootloader/bootloader_support/libbootloader_support.a
LOAD /home/samjin-rnd-pc/st-device-sdk-c-ref/apps/esp8266/ST_samjin_wallswitch/build/bootloader/spi_flash/libspi_flash.a
LOAD /home/samjin-rnd-pc/st-device-sdk-c-ref/apps/esp8266/ST_samjin_wallswitch/build/bootloader/log/liblog.a
LOAD /home/samjin-rnd-pc/st-device-sdk-c-ref/apps/esp8266/ST_samjin_wallswitch/build/bootloader/esp8266/libesp8266.a
LOAD /home/samjin-rnd-pc/st-device-sdk-c-ref/bsp/esp8266/components/esp8266/lib/libgcc.a
LOAD /home/samjin-rnd-pc/esp/xtensa-lx106-elf/bin/../lib/gcc/xtensa-lx106-elf/8.4.0/../../../../xtensa-lx106-elf/lib/libstdc++.a
LOAD /home/samjin-rnd-pc/esp/xtensa-lx106-elf/bin/../lib/gcc/xtensa-lx106-elf/8.4.0/libgcov.a
END GROUP

.text           0x0000000040100000     0x18dd
                0x0000000040100000                _stext = .
                0x0000000040100000                _text_start = ABSOLUTE (.)
                0x0000000040100000                . = ALIGN (0x10)
 *(.entry.text)
 *(.init.literal)
 *(.init)
 *(.literal .text .literal.* .text.* .stub .gnu.warning .gnu.linkonce.literal.* .gnu.linkonce.t.*.literal .gnu.linkonce.t.*)
 .literal.selected_boot_partition
                0x0000000040100000        0x0 /home/samjin-rnd-pc/st-device-sdk-c-ref/apps/esp8266/ST_samjin_wallswitch/build/bootloader/main/libmain.a(bootloader_start.o)
                                          0x4 (size before relaxing)
 .literal.select_image
                0x0000000040100000        0xc /home/samjin-rnd-pc/st-device-sdk-c-ref/apps/esp8266/ST_samjin_wallswitch/build/bootloader/main/libmain.a(bootloader_start.o)
                                         0x1c (size before relaxing)
 .literal.call_start_cpu
                0x000000004010000c        0x0 /home/samjin-rnd-pc/st-device-sdk-c-ref/apps/esp8266/ST_samjin_wallswitch/build/bootloader/main/libmain.a(bootloader_start.o)
                                          0xc (size before relaxing)
 .literal.update_flash_config
                0x000000004010000c        0x4 /home/samjin-rnd-pc/st-device-sdk-c-ref/apps/esp8266/ST_samjin_wallswitch/build/bootloader/bootloader_support/libbootloader_support.a(bootloader_init.o)
                                          0x8 (size before relaxing)
 .literal.bootloader_main
                0x0000000040100010        0x8 /home/samjin-rnd-pc/st-device-sdk-c-ref/apps/esp8266/ST_samjin_wallswitch/build/bootloader/bootloader_support/libbootloader_support.a(bootloader_init.o)
                                         0x18 (size before relaxing)
 .literal.bootloader_init
                0x0000000040100018        0x8 /home/samjin-rnd-pc/st-device-sdk-c-ref/apps/esp8266/ST_samjin_wallswitch/build/bootloader/bootloader_support/libbootloader_support.a(bootloader_init.o)
                                         0x10 (size before relaxing)
 .literal.bootloader_utility_start_image
                0x0000000040100020        0x0 /home/samjin-rnd-pc/st-device-sdk-c-ref/apps/esp8266/ST_samjin_wallswitch/build/bootloader/bootloader_support/libbootloader_support.a(bootloader_utility.o)
                                          0x4 (size before relaxing)
 .literal.log_invalid_app_partition
                0x0000000040100020       0x14 /home/samjin-rnd-pc/st-device-sdk-c-ref/apps/esp8266/ST_samjin_wallswitch/build/bootloader/bootloader_support/libbootloader_support.a(bootloader_utility.o)
                                         0x20 (size before relaxing)
 .literal.try_load_partition
                0x0000000040100034        0x0 /home/samjin-rnd-pc/st-device-sdk-c-ref/apps/esp8266/ST_samjin_wallswitch/build/bootloader/bootloader_support/libbootloader_support.a(bootloader_utility.o)
                                          0x4 (size before relaxing)
 .literal.bootloader_utility_load_partition_table
                0x0000000040100034       0x18 /home/samjin-rnd-pc/st-device-sdk-c-ref/apps/esp8266/ST_samjin_wallswitch/build/bootloader/bootloader_support/libbootloader_support.a(bootloader_utility.o)
                                         0x30 (size before relaxing)
 .literal.bootloader_utility_get_selected_boot_partition
                0x000000004010004c       0x14 /home/samjin-rnd-pc/st-device-sdk-c-ref/apps/esp8266/ST_samjin_wallswitch/build/bootloader/bootloader_support/libbootloader_support.a(bootloader_utility.o)
                                         0x4c (size before relaxing)
 .literal.bootloader_utility_load_boot_image
                0x0000000040100060        0xc /home/samjin-rnd-pc/st-device-sdk-c-ref/apps/esp8266/ST_samjin_wallswitch/build/bootloader/bootloader_support/libbootloader_support.a(bootloader_utility.o)
                                         0x40 (size before relaxing)
 .literal.bootloader_utility_load_image
                0x000000004010006c        0x0 /home/samjin-rnd-pc/st-device-sdk-c-ref/apps/esp8266/ST_samjin_wallswitch/build/bootloader/bootloader_support/libbootloader_support.a(bootloader_utility.o)
                                          0x4 (size before relaxing)
 .literal.bootloader_common_ota_select_crc
                0x000000004010006c        0x0 /home/samjin-rnd-pc/st-device-sdk-c-ref/apps/esp8266/ST_samjin_wallswitch/build/bootloader/bootloader_support/libbootloader_support.a(bootloader_common.o)
                                          0x4 (size before relaxing)
 .literal.bootloader_common_ota_select_valid
                0x000000004010006c        0x0 /home/samjin-rnd-pc/st-device-sdk-c-ref/apps/esp8266/ST_samjin_wallswitch/build/bootloader/bootloader_support/libbootloader_support.a(bootloader_common.o)
                                          0x4 (size before relaxing)
 .literal.esp_partition_table_basic_verify
                0x000000004010006c       0x1c /home/samjin-rnd-pc/st-device-sdk-c-ref/apps/esp8266/ST_samjin_wallswitch/build/bootloader/bootloader_support/libbootloader_support.a(flash_partitions.o)
                                         0x2c (size before relaxing)
 .literal.should_map
                0x0000000040100088        0x8 /home/samjin-rnd-pc/st-device-sdk-c-ref/apps/esp8266/ST_samjin_wallswitch/build/bootloader/bootloader_support/libbootloader_support.a(esp_image_format.o)
 .literal.should_load
                0x0000000040100090        0x0 /home/samjin-rnd-pc/st-device-sdk-c-ref/apps/esp8266/ST_samjin_wallswitch/build/bootloader/bootloader_support/libbootloader_support.a(esp_image_format.o)
                                          0x4 (size before relaxing)
 .literal.verify_image_header
                0x0000000040100090       0x14 /home/samjin-rnd-pc/st-device-sdk-c-ref/apps/esp8266/ST_samjin_wallswitch/build/bootloader/bootloader_support/libbootloader_support.a(esp_image_format.o)
                                         0x20 (size before relaxing)
 .literal.process_segment_data
                0x00000000401000a4        0x8 /home/samjin-rnd-pc/st-device-sdk-c-ref/apps/esp8266/ST_samjin_wallswitch/build/bootloader/bootloader_support/libbootloader_support.a(esp_image_format.o)
                                         0x14 (size before relaxing)
 .literal.verify_checksum
                0x00000000401000ac        0x8 /home/samjin-rnd-pc/st-device-sdk-c-ref/apps/esp8266/ST_samjin_wallswitch/build/bootloader/bootloader_support/libbootloader_support.a(esp_image_format.o)
                                         0x1c (size before relaxing)
 .literal.process_segment
                0x00000000401000b4        0x8 /home/samjin-rnd-pc/st-device-sdk-c-ref/apps/esp8266/ST_samjin_wallswitch/build/bootloader/bootloader_support/libbootloader_support.a(esp_image_format.o)
                                         0x28 (size before relaxing)
 .literal.esp_image_load
                0x00000000401000bc       0x14 /home/samjin-rnd-pc/st-device-sdk-c-ref/apps/esp8266/ST_samjin_wallswitch/build/bootloader/bootloader_support/libbootloader_support.a(esp_image_format.o)
                                         0x44 (size before relaxing)
 .literal.bootloader_flash_read_no_decrypt
                0x00000000401000d0        0x4 /home/samjin-rnd-pc/st-device-sdk-c-ref/apps/esp8266/ST_samjin_wallswitch/build/bootloader/bootloader_support/libbootloader_support.a(bootloader_flash.o)
 .literal.bootloader_mmap
                0x00000000401000d4       0x30 /home/samjin-rnd-pc/st-device-sdk-c-ref/apps/esp8266/ST_samjin_wallswitch/build/bootloader/bootloader_support/libbootloader_support.a(bootloader_flash.o)
                                         0x3c (size before relaxing)
 .literal.bootloader_munmap
                0x0000000040100104        0x0 /home/samjin-rnd-pc/st-device-sdk-c-ref/apps/esp8266/ST_samjin_wallswitch/build/bootloader/bootloader_support/libbootloader_support.a(bootloader_flash.o)
                                          0x8 (size before relaxing)
 .literal.bootloader_flash_read
                0x0000000040100104        0xc /home/samjin-rnd-pc/st-device-sdk-c-ref/apps/esp8266/ST_samjin_wallswitch/build/bootloader/bootloader_support/libbootloader_support.a(bootloader_flash.o)
                                         0x20 (size before relaxing)
 .literal.spi_user_cmd
                0x0000000040100110        0x4 /home/samjin-rnd-pc/st-device-sdk-c-ref/apps/esp8266/ST_samjin_wallswitch/build/bootloader/spi_flash/libspi_flash.a(spi_flash.o)
                                          0xc (size before relaxing)
 .literal.special_flash_read_status
                0x0000000040100114        0x0 /home/samjin-rnd-pc/st-device-sdk-c-ref/apps/esp8266/ST_samjin_wallswitch/build/bootloader/spi_flash/libspi_flash.a(spi_flash.o)
                                          0x4 (size before relaxing)
 .literal.flash_gd25q32c_read_status
                0x0000000040100114        0x0 /home/samjin-rnd-pc/st-device-sdk-c-ref/apps/esp8266/ST_samjin_wallswitch/build/bootloader/spi_flash/libspi_flash.a(spi_flash.o)
                                          0x4 (size before relaxing)
 .literal.special_flash_write_status
                0x0000000040100114        0x0 /home/samjin-rnd-pc/st-device-sdk-c-ref/apps/esp8266/ST_samjin_wallswitch/build/bootloader/spi_flash/libspi_flash.a(spi_flash.o)
                                          0x8 (size before relaxing)
 .literal.spi_flash_enable_qio_bit6
                0x0000000040100114        0x0 /home/samjin-rnd-pc/st-device-sdk-c-ref/apps/esp8266/ST_samjin_wallswitch/build/bootloader/spi_flash/libspi_flash.a(spi_flash.o)
                                          0x4 (size before relaxing)
 .literal.flash_gd25q32c_write_status
                0x0000000040100114        0x0 /home/samjin-rnd-pc/st-device-sdk-c-ref/apps/esp8266/ST_samjin_wallswitch/build/bootloader/spi_flash/libspi_flash.a(spi_flash.o)
                                          0x4 (size before relaxing)
 .literal.flash_gd25q32c_enable_QIO_mode
                0x0000000040100114        0x0 /home/samjin-rnd-pc/st-device-sdk-c-ref/apps/esp8266/ST_samjin_wallswitch/build/bootloader/spi_flash/libspi_flash.a(spi_flash.o)
                                          0xc (size before relaxing)
 .literal.en25q16x_read_sfdp
                0x0000000040100114        0x4 /home/samjin-rnd-pc/st-device-sdk-c-ref/apps/esp8266/ST_samjin_wallswitch/build/bootloader/spi_flash/libspi_flash.a(spi_flash.o)
                                          0x8 (size before relaxing)
 .literal.spi_flash_get_id
                0x0000000040100118        0x0 /home/samjin-rnd-pc/st-device-sdk-c-ref/apps/esp8266/ST_samjin_wallswitch/build/bootloader/spi_flash/libspi_flash.a(spi_flash.o)
                                          0xc (size before relaxing)
 .literal.spi_flash_read_status
                0x0000000040100118        0x0 /home/samjin-rnd-pc/st-device-sdk-c-ref/apps/esp8266/ST_samjin_wallswitch/build/bootloader/spi_flash/libspi_flash.a(spi_flash.o)
                                          0xc (size before relaxing)
 .literal.spi_flash_issi_enable_QIO_mode
                0x0000000040100118        0x0 /home/samjin-rnd-pc/st-device-sdk-c-ref/apps/esp8266/ST_samjin_wallswitch/build/bootloader/spi_flash/libspi_flash.a(spi_flash.o)
                                          0xc (size before relaxing)
 .literal.special_flash_set_mode
                0x0000000040100118        0x0 /home/samjin-rnd-pc/st-device-sdk-c-ref/apps/esp8266/ST_samjin_wallswitch/build/bootloader/spi_flash/libspi_flash.a(spi_flash.o)
                                          0x8 (size before relaxing)
 .literal.en25q16x_write_volatile_status
                0x0000000040100118        0x0 /home/samjin-rnd-pc/st-device-sdk-c-ref/apps/esp8266/ST_samjin_wallswitch/build/bootloader/spi_flash/libspi_flash.a(spi_flash.o)
                                         0x14 (size before relaxing)
 .literal.user_spi_flash_dio_to_qio_pre_init
                0x0000000040100118        0xc /home/samjin-rnd-pc/st-device-sdk-c-ref/apps/esp8266/ST_samjin_wallswitch/build/bootloader/spi_flash/libspi_flash.a(spi_flash.o)
                                         0x30 (size before relaxing)
 .literal.esp_spi_flash_init
                0x0000000040100124       0x18 /home/samjin-rnd-pc/st-device-sdk-c-ref/apps/esp8266/ST_samjin_wallswitch/build/bootloader/spi_flash/libspi_flash.a(spi_flash.o)
                                         0x1c (size before relaxing)
 .literal.Cache_Read_Disable_2
                0x000000004010013c        0xc /home/samjin-rnd-pc/st-device-sdk-c-ref/apps/esp8266/ST_samjin_wallswitch/build/bootloader/spi_flash/libspi_flash.a(spi_flash_raw.o)
                                         0x10 (size before relaxing)
 .literal.Cache_Read_Enable_2
                0x0000000040100148        0x4 /home/samjin-rnd-pc/st-device-sdk-c-ref/apps/esp8266/ST_samjin_wallswitch/build/bootloader/spi_flash/libspi_flash.a(spi_flash_raw.o)
                                          0xc (size before relaxing)
 .literal.spi_flash_get_id_raw
                0x000000004010014c       0x10 /home/samjin-rnd-pc/st-device-sdk-c-ref/apps/esp8266/ST_samjin_wallswitch/build/bootloader/spi_flash/libspi_flash.a(spi_flash_raw.o)
                                         0x1c (size before relaxing)
 .literal.spi_flash_read_status_raw
                0x000000004010015c        0x4 /home/samjin-rnd-pc/st-device-sdk-c-ref/apps/esp8266/ST_samjin_wallswitch/build/bootloader/spi_flash/libspi_flash.a(spi_flash_raw.o)
                                          0xc (size before relaxing)
 .literal.spi_flash_enable_qmode_raw
                0x0000000040100160        0x4 /home/samjin-rnd-pc/st-device-sdk-c-ref/apps/esp8266/ST_samjin_wallswitch/build/bootloader/spi_flash/libspi_flash.a(spi_flash_raw.o)
                                         0x10 (size before relaxing)
 .literal.spi_user_cmd_raw
                0x0000000040100164       0x64 /home/samjin-rnd-pc/st-device-sdk-c-ref/apps/esp8266/ST_samjin_wallswitch/build/bootloader/spi_flash/libspi_flash.a(spi_flash_raw.o)
                                         0x8c (size before relaxing)
 .literal.spi_flash_switch_to_qio_raw
                0x00000000401001c8        0x8 /home/samjin-rnd-pc/st-device-sdk-c-ref/apps/esp8266/ST_samjin_wallswitch/build/bootloader/spi_flash/libspi_flash.a(spi_flash_raw.o)
                                          0xc (size before relaxing)
 .literal.uart_putc
                0x00000000401001d0        0x8 /home/samjin-rnd-pc/st-device-sdk-c-ref/apps/esp8266/ST_samjin_wallswitch/build/bootloader/esp8266/libesp8266.a(ets_printf.o)
 .literal.ets_putc
                0x00000000401001d8        0x0 /home/samjin-rnd-pc/st-device-sdk-c-ref/apps/esp8266/ST_samjin_wallswitch/build/bootloader/esp8266/libesp8266.a(ets_printf.o)
                                          0x8 (size before relaxing)
 .literal.ets_vprintf
                0x00000000401001d8        0x8 /home/samjin-rnd-pc/st-device-sdk-c-ref/apps/esp8266/ST_samjin_wallswitch/build/bootloader/esp8266/libesp8266.a(ets_printf.o)
 .literal.crc32_le
                0x00000000401001e0        0x4 /home/samjin-rnd-pc/st-device-sdk-c-ref/apps/esp8266/ST_samjin_wallswitch/build/bootloader/esp8266/libesp8266.a(crc.o)
 .iram1.0.literal
                0x00000000401001e4        0x8 /home/samjin-rnd-pc/st-device-sdk-c-ref/apps/esp8266/ST_samjin_wallswitch/build/bootloader/log/liblog.a(log.o)
 .iram1.1.literal
                0x00000000401001ec       0x18 /home/samjin-rnd-pc/st-device-sdk-c-ref/apps/esp8266/ST_samjin_wallswitch/build/bootloader/log/liblog.a(log.o)
                                         0x30 (size before relaxing)
 .iram1.0.literal
                0x0000000040100204        0x0 /home/samjin-rnd-pc/st-device-sdk-c-ref/apps/esp8266/ST_samjin_wallswitch/build/bootloader/esp8266/libesp8266.a(ets_printf.o)
                                          0x8 (size before relaxing)
 .text.selected_boot_partition
                0x0000000040100204        0xf /home/samjin-rnd-pc/st-device-sdk-c-ref/apps/esp8266/ST_samjin_wallswitch/build/bootloader/main/libmain.a(bootloader_start.o)
                                         0x13 (size before relaxing)
 *fill*         0x0000000040100213        0x1 
 .text.select_image
                0x0000000040100214       0x68 /home/samjin-rnd-pc/st-device-sdk-c-ref/apps/esp8266/ST_samjin_wallswitch/build/bootloader/main/libmain.a(bootloader_start.o)
                                         0x70 (size before relaxing)
 .text.call_start_cpu
                0x000000004010027c       0x26 /home/samjin-rnd-pc/st-device-sdk-c-ref/apps/esp8266/ST_samjin_wallswitch/build/bootloader/main/libmain.a(bootloader_start.o)
                                         0x2e (size before relaxing)
                0x000000004010027c                call_start_cpu
 *fill*         0x00000000401002a2        0x2 
 .text.update_flash_config
                0x00000000401002a4       0x21 /home/samjin-rnd-pc/st-device-sdk-c-ref/apps/esp8266/ST_samjin_wallswitch/build/bootloader/bootloader_support/libbootloader_support.a(bootloader_init.o)
 *fill*         0x00000000401002c5        0x3 
 .text.bootloader_main
                0x00000000401002c8       0x3f /home/samjin-rnd-pc/st-device-sdk-c-ref/apps/esp8266/ST_samjin_wallswitch/build/bootloader/bootloader_support/libbootloader_support.a(bootloader_init.o)
                                         0x47 (size before relaxing)
 *fill*         0x0000000040100307        0x1 
 .text.bootloader_init
                0x0000000040100308       0x25 /home/samjin-rnd-pc/st-device-sdk-c-ref/apps/esp8266/ST_samjin_wallswitch/build/bootloader/bootloader_support/libbootloader_support.a(bootloader_init.o)
                                         0x29 (size before relaxing)
                0x0000000040100308                bootloader_init
 *fill*         0x000000004010032d        0x3 
 .text.bootloader_utility_start_image
                0x0000000040100330       0x20 /home/samjin-rnd-pc/st-device-sdk-c-ref/apps/esp8266/ST_samjin_wallswitch/build/bootloader/bootloader_support/libbootloader_support.a(bootloader_utility.o)
                                         0x24 (size before relaxing)
 .text.log_invalid_app_partition
                0x0000000040100350       0x4b /home/samjin-rnd-pc/st-device-sdk-c-ref/apps/esp8266/ST_samjin_wallswitch/build/bootloader/bootloader_support/libbootloader_support.a(bootloader_utility.o)
                                         0x53 (size before relaxing)
 *fill*         0x000000004010039b        0x1 
 .text.try_load_partition
                0x000000004010039c       0x2a /home/samjin-rnd-pc/st-device-sdk-c-ref/apps/esp8266/ST_samjin_wallswitch/build/bootloader/bootloader_support/libbootloader_support.a(bootloader_utility.o)
 *fill*         0x00000000401003c6        0x2 
 .text.bootloader_utility_load_partition_table
                0x00000000401003c8       0xe8 /home/samjin-rnd-pc/st-device-sdk-c-ref/apps/esp8266/ST_samjin_wallswitch/build/bootloader/bootloader_support/libbootloader_support.a(bootloader_utility.o)
                                         0xf0 (size before relaxing)
                0x00000000401003c8                bootloader_utility_load_partition_table
 .text.bootloader_utility_get_selected_boot_partition
                0x00000000401004b0      0x127 /home/samjin-rnd-pc/st-device-sdk-c-ref/apps/esp8266/ST_samjin_wallswitch/build/bootloader/bootloader_support/libbootloader_support.a(bootloader_utility.o)
                                        0x12f (size before relaxing)
                0x00000000401004b0                bootloader_utility_get_selected_boot_partition
 *fill*         0x00000000401005d7        0x1 
 .text.bootloader_utility_load_boot_image
                0x00000000401005d8       0xd6 /home/samjin-rnd-pc/st-device-sdk-c-ref/apps/esp8266/ST_samjin_wallswitch/build/bootloader/bootloader_support/libbootloader_support.a(bootloader_utility.o)
                                         0xfa (size before relaxing)
                0x00000000401005d8                bootloader_utility_load_boot_image
 *fill*         0x00000000401006ae        0x2 
 .text.bootloader_utility_load_image
                0x00000000401006b0       0x19 /home/samjin-rnd-pc/st-device-sdk-c-ref/apps/esp8266/ST_samjin_wallswitch/build/bootloader/bootloader_support/libbootloader_support.a(bootloader_utility.o)
                0x00000000401006b0                bootloader_utility_load_image
 *fill*         0x00000000401006c9        0x3 
 .text.bootloader_common_ota_select_crc
                0x00000000401006cc       0x18 /home/samjin-rnd-pc/st-device-sdk-c-ref/apps/esp8266/ST_samjin_wallswitch/build/bootloader/bootloader_support/libbootloader_support.a(bootloader_common.o)
                0x00000000401006cc                bootloader_common_ota_select_crc
 .text.bootloader_common_ota_select_valid
                0x00000000401006e4       0x2c /home/samjin-rnd-pc/st-device-sdk-c-ref/apps/esp8266/ST_samjin_wallswitch/build/bootloader/bootloader_support/libbootloader_support.a(bootloader_common.o)
                0x00000000401006e4                bootloader_common_ota_select_valid
 .text.esp_partition_table_basic_verify
                0x0000000040100710       0xd7 /home/samjin-rnd-pc/st-device-sdk-c-ref/apps/esp8266/ST_samjin_wallswitch/build/bootloader/bootloader_support/libbootloader_support.a(flash_partitions.o)
                0x0000000040100710                esp_partition_table_basic_verify
 *fill*         0x00000000401007e7        0x1 
 .text.should_map
                0x00000000401007e8       0x15 /home/samjin-rnd-pc/st-device-sdk-c-ref/apps/esp8266/ST_samjin_wallswitch/build/bootloader/bootloader_support/libbootloader_support.a(esp_image_format.o)
 *fill*         0x00000000401007fd        0x3 
 .text.should_load
                0x0000000040100800       0x19 /home/samjin-rnd-pc/st-device-sdk-c-ref/apps/esp8266/ST_samjin_wallswitch/build/bootloader/bootloader_support/libbootloader_support.a(esp_image_format.o)
                                         0x1d (size before relaxing)
 *fill*         0x0000000040100819        0x3 
 .text.verify_image_header
                0x000000004010081c       0x7d /home/samjin-rnd-pc/st-device-sdk-c-ref/apps/esp8266/ST_samjin_wallswitch/build/bootloader/bootloader_support/libbootloader_support.a(esp_image_format.o)
                                         0x85 (size before relaxing)
 *fill*         0x0000000040100899        0x3 
 .text.process_segment_data
                0x000000004010089c       0x89 /home/samjin-rnd-pc/st-device-sdk-c-ref/apps/esp8266/ST_samjin_wallswitch/build/bootloader/bootloader_support/libbootloader_support.a(esp_image_format.o)
                                         0x91 (size before relaxing)
 *fill*         0x0000000040100925        0x3 
 .text.verify_checksum
                0x0000000040100928       0x9c /home/samjin-rnd-pc/st-device-sdk-c-ref/apps/esp8266/ST_samjin_wallswitch/build/bootloader/bootloader_support/libbootloader_support.a(esp_image_format.o)
                                         0xa0 (size before relaxing)
 .text.process_segment
                0x00000000401009c4       0xc3 /home/samjin-rnd-pc/st-device-sdk-c-ref/apps/esp8266/ST_samjin_wallswitch/build/bootloader/bootloader_support/libbootloader_support.a(esp_image_format.o)
                                         0xcf (size before relaxing)
 *fill*         0x0000000040100a87        0x1 
 .text.esp_image_load
                0x0000000040100a88      0x18c /home/samjin-rnd-pc/st-device-sdk-c-ref/apps/esp8266/ST_samjin_wallswitch/build/bootloader/bootloader_support/libbootloader_support.a(esp_image_format.o)
                                        0x1a4 (size before relaxing)
                0x0000000040100a88                esp_image_load
 .text.bootloader_flash_read_no_decrypt
                0x0000000040100c14       0x15 /home/samjin-rnd-pc/st-device-sdk-c-ref/apps/esp8266/ST_samjin_wallswitch/build/bootloader/bootloader_support/libbootloader_support.a(bootloader_flash.o)
 *fill*         0x0000000040100c29        0x3 
 .text.bootloader_mmap
                0x0000000040100c2c       0xa6 /home/samjin-rnd-pc/st-device-sdk-c-ref/apps/esp8266/ST_samjin_wallswitch/build/bootloader/bootloader_support/libbootloader_support.a(bootloader_flash.o)
                                         0xaa (size before relaxing)
                0x0000000040100c2c                bootloader_mmap
 *fill*         0x0000000040100cd2        0x2 
 .text.bootloader_munmap
                0x0000000040100cd4       0x23 /home/samjin-rnd-pc/st-device-sdk-c-ref/apps/esp8266/ST_samjin_wallswitch/build/bootloader/bootloader_support/libbootloader_support.a(bootloader_flash.o)
                0x0000000040100cd4                bootloader_munmap
 *fill*         0x0000000040100cf7        0x1 
 .text.bootloader_flash_read
                0x0000000040100cf8       0x60 /home/samjin-rnd-pc/st-device-sdk-c-ref/apps/esp8266/ST_samjin_wallswitch/build/bootloader/bootloader_support/libbootloader_support.a(bootloader_flash.o)
                                         0x63 (size before relaxing)
                0x0000000040100cf8                bootloader_flash_read
 *fill*         0x0000000040100d58        0x0 
 .text.spi_user_cmd
                0x0000000040100d58       0x4d /home/samjin-rnd-pc/st-device-sdk-c-ref/apps/esp8266/ST_samjin_wallswitch/build/bootloader/spi_flash/libspi_flash.a(spi_flash.o)
                0x0000000040100d58                spi_user_cmd
 *fill*         0x0000000040100da5        0x3 
 .text.special_flash_read_status
                0x0000000040100da8       0x39 /home/samjin-rnd-pc/st-device-sdk-c-ref/apps/esp8266/ST_samjin_wallswitch/build/bootloader/spi_flash/libspi_flash.a(spi_flash.o)
                                         0x3d (size before relaxing)
                0x0000000040100da8                special_flash_read_status
 *fill*         0x0000000040100de1        0x3 
 .text.flash_gd25q32c_read_status
                0x0000000040100de4       0x33 /home/samjin-rnd-pc/st-device-sdk-c-ref/apps/esp8266/ST_samjin_wallswitch/build/bootloader/spi_flash/libspi_flash.a(spi_flash.o)
 *fill*         0x0000000040100e17        0x1 
 .text.special_flash_write_status
                0x0000000040100e18       0x5c /home/samjin-rnd-pc/st-device-sdk-c-ref/apps/esp8266/ST_samjin_wallswitch/build/bootloader/spi_flash/libspi_flash.a(spi_flash.o)
                                         0x60 (size before relaxing)
                0x0000000040100e18                special_flash_write_status
 .text.spi_flash_enable_qio_bit6
                0x0000000040100e74       0x17 /home/samjin-rnd-pc/st-device-sdk-c-ref/apps/esp8266/ST_samjin_wallswitch/build/bootloader/spi_flash/libspi_flash.a(spi_flash.o)
                                         0x1b (size before relaxing)
 *fill*         0x0000000040100e8b        0x1 
 .text.flash_gd25q32c_write_status
                0x0000000040100e8c       0x30 /home/samjin-rnd-pc/st-device-sdk-c-ref/apps/esp8266/ST_samjin_wallswitch/build/bootloader/spi_flash/libspi_flash.a(spi_flash.o)
 .text.flash_gd25q32c_enable_QIO_mode
                0x0000000040100ebc       0x3e /home/samjin-rnd-pc/st-device-sdk-c-ref/apps/esp8266/ST_samjin_wallswitch/build/bootloader/spi_flash/libspi_flash.a(spi_flash.o)
                                         0x46 (size before relaxing)
 *fill*         0x0000000040100efa        0x2 
 .text.en25q16x_read_sfdp
                0x0000000040100efc       0x43 /home/samjin-rnd-pc/st-device-sdk-c-ref/apps/esp8266/ST_samjin_wallswitch/build/bootloader/spi_flash/libspi_flash.a(spi_flash.o)
                0x0000000040100efc                en25q16x_read_sfdp
 *fill*         0x0000000040100f3f        0x1 
 .text.spi_flash_get_id
                0x0000000040100f40       0x26 /home/samjin-rnd-pc/st-device-sdk-c-ref/apps/esp8266/ST_samjin_wallswitch/build/bootloader/spi_flash/libspi_flash.a(spi_flash.o)
                0x0000000040100f40                spi_flash_get_id
 *fill*         0x0000000040100f66        0x2 
 .text.spi_flash_read_status
                0x0000000040100f68       0x28 /home/samjin-rnd-pc/st-device-sdk-c-ref/apps/esp8266/ST_samjin_wallswitch/build/bootloader/spi_flash/libspi_flash.a(spi_flash.o)
                0x0000000040100f68                spi_flash_read_status
 .text.spi_flash_issi_enable_QIO_mode
                0x0000000040100f90       0x43 /home/samjin-rnd-pc/st-device-sdk-c-ref/apps/esp8266/ST_samjin_wallswitch/build/bootloader/spi_flash/libspi_flash.a(spi_flash.o)
                                         0x4b (size before relaxing)
 *fill*         0x0000000040100fd3        0x1 
 .text.special_flash_set_mode
                0x0000000040100fd4       0x41 /home/samjin-rnd-pc/st-device-sdk-c-ref/apps/esp8266/ST_samjin_wallswitch/build/bootloader/spi_flash/libspi_flash.a(spi_flash.o)
                                         0x45 (size before relaxing)
                0x0000000040100fd4                special_flash_set_mode
 *fill*         0x0000000040101015        0x3 
 .text.en25q16x_write_volatile_status
                0x0000000040101018       0x4f /home/samjin-rnd-pc/st-device-sdk-c-ref/apps/esp8266/ST_samjin_wallswitch/build/bootloader/spi_flash/libspi_flash.a(spi_flash.o)
                                         0x5b (size before relaxing)
                0x0000000040101018                en25q16x_write_volatile_status
 *fill*         0x0000000040101067        0x1 
 .text.user_spi_flash_dio_to_qio_pre_init
                0x0000000040101068       0x95 /home/samjin-rnd-pc/st-device-sdk-c-ref/apps/esp8266/ST_samjin_wallswitch/build/bootloader/spi_flash/libspi_flash.a(spi_flash.o)
                                         0xa1 (size before relaxing)
                0x0000000040101068                user_spi_flash_dio_to_qio_pre_init
 *fill*         0x00000000401010fd        0x3 
 .text.esp_spi_flash_init
                0x0000000040101100       0xb1 /home/samjin-rnd-pc/st-device-sdk-c-ref/apps/esp8266/ST_samjin_wallswitch/build/bootloader/spi_flash/libspi_flash.a(spi_flash.o)
                0x0000000040101100                esp_spi_flash_init
 *fill*         0x00000000401011b1        0x3 
 .text.Cache_Read_Disable_2
                0x00000000401011b4       0x34 /home/samjin-rnd-pc/st-device-sdk-c-ref/apps/esp8266/ST_samjin_wallswitch/build/bootloader/spi_flash/libspi_flash.a(spi_flash_raw.o)
                0x00000000401011b4                Cache_Read_Disable_2
 .text.Cache_Read_Enable_2
                0x00000000401011e8       0x28 /home/samjin-rnd-pc/st-device-sdk-c-ref/apps/esp8266/ST_samjin_wallswitch/build/bootloader/spi_flash/libspi_flash.a(spi_flash_raw.o)
                0x00000000401011e8                Cache_Read_Enable_New
                0x00000000401011e8                Cache_Read_Enable_2
 .text.spi_flash_get_id_raw
                0x0000000040101210       0x57 /home/samjin-rnd-pc/st-device-sdk-c-ref/apps/esp8266/ST_samjin_wallswitch/build/bootloader/spi_flash/libspi_flash.a(spi_flash_raw.o)
                0x0000000040101210                spi_flash_get_id_raw
 *fill*         0x0000000040101267        0x1 
 .text.spi_flash_read_status_raw
                0x0000000040101268       0x2f /home/samjin-rnd-pc/st-device-sdk-c-ref/apps/esp8266/ST_samjin_wallswitch/build/bootloader/spi_flash/libspi_flash.a(spi_flash_raw.o)
                                         0x33 (size before relaxing)
                0x0000000040101268                spi_flash_read_status_raw
 *fill*         0x0000000040101297        0x1 
 .text.spi_flash_enable_qmode_raw
                0x0000000040101298       0x33 /home/samjin-rnd-pc/st-device-sdk-c-ref/apps/esp8266/ST_samjin_wallswitch/build/bootloader/spi_flash/libspi_flash.a(spi_flash_raw.o)
                                         0x37 (size before relaxing)
                0x0000000040101298                spi_flash_enable_qmode_raw
 *fill*         0x00000000401012cb        0x1 
 .text.spi_user_cmd_raw
                0x00000000401012cc      0x3df /home/samjin-rnd-pc/st-device-sdk-c-ref/apps/esp8266/ST_samjin_wallswitch/build/bootloader/spi_flash/libspi_flash.a(spi_flash_raw.o)
                0x00000000401012cc                spi_user_cmd_raw
 *fill*         0x00000000401016ab        0x1 
 .text.spi_flash_switch_to_qio_raw
                0x00000000401016ac       0x25 /home/samjin-rnd-pc/st-device-sdk-c-ref/apps/esp8266/ST_samjin_wallswitch/build/bootloader/spi_flash/libspi_flash.a(spi_flash_raw.o)
                0x00000000401016ac                spi_flash_switch_to_qio_raw
 *fill*         0x00000000401016d1        0x3 
 .text.uart_putc
                0x00000000401016d4       0x1b /home/samjin-rnd-pc/st-device-sdk-c-ref/apps/esp8266/ST_samjin_wallswitch/build/bootloader/esp8266/libesp8266.a(ets_printf.o)
 *fill*         0x00000000401016ef        0x1 
 .text.ets_putc
                0x00000000401016f0       0x27 /home/samjin-rnd-pc/st-device-sdk-c-ref/apps/esp8266/ST_samjin_wallswitch/build/bootloader/esp8266/libesp8266.a(ets_printf.o)
                0x00000000401016f0                ets_putc
 *fill*         0x0000000040101717        0x1 
 .text.ets_vprintf
                0x0000000040101718       0x1f /home/samjin-rnd-pc/st-device-sdk-c-ref/apps/esp8266/ST_samjin_wallswitch/build/bootloader/esp8266/libesp8266.a(ets_printf.o)
                0x0000000040101718                ets_vprintf
 *fill*         0x0000000040101737        0x1 
 .text.crc32_le
                0x0000000040101738       0x31 /home/samjin-rnd-pc/st-device-sdk-c-ref/apps/esp8266/ST_samjin_wallswitch/build/bootloader/esp8266/libesp8266.a(crc.o)
                0x0000000040101738                crc32_le
 *fill*         0x0000000040101769        0x3 
 .text.phy_reg_default
                0x000000004010176c       0x36 /home/samjin-rnd-pc/st-device-sdk-c-ref/bsp/esp8266/components/esp8266/lib/libcore.a(phy.o)
                0x000000004010177c                phy_reg_default
 *fill*         0x00000000401017a2        0x0 
 *fill*         0x00000000401017a2        0x0 
 *fill*         0x00000000401017a2        0x0 
 *fill*         0x00000000401017a2        0x0 
 *fill*         0x00000000401017a2        0x2 
 .text.index_to_partition
                0x00000000401017a4       0x4d /home/samjin-rnd-pc/st-device-sdk-c-ref/apps/esp8266/ST_samjin_wallswitch/build/bootloader/bootloader_support/libbootloader_support.a(bootloader_utility.o)
 *fill*         0x00000000401017f1        0x0 
 *fill*         0x00000000401017f1        0x0 
 *fill*         0x00000000401017f1        0x0 
 *fill*         0x00000000401017f1        0x0 
 *fill*         0x00000000401017f1        0x0 
 *fill*         0x00000000401017f1        0x0 
 *fill*         0x00000000401017f1        0x3 
 .text.verify_segment_header
                0x00000000401017f4        0x4 /home/samjin-rnd-pc/st-device-sdk-c-ref/apps/esp8266/ST_samjin_wallswitch/build/bootloader/bootloader_support/libbootloader_support.a(esp_image_format.o)
 *fill*         0x00000000401017f8        0x0 
 *fill*         0x00000000401017f8        0x0 
 *fill*         0x00000000401017f8        0x0 
 *fill*         0x00000000401017f8        0x0 
 *fill*         0x00000000401017f8        0x0 
 *fill*         0x00000000401017f8        0x0 
 *fill*         0x00000000401017f8        0x0 
 *fill*         0x00000000401017f8        0x0 
 *fill*         0x00000000401017f8        0x0 
 *fill*         0x00000000401017f8        0x0 
 *fill*         0x00000000401017f8        0x0 
 *fill*         0x00000000401017f8        0x0 
 *fill*         0x00000000401017f8        0x0 
 *fill*         0x00000000401017f8        0x0 
 *fill*         0x00000000401017f8        0x0 
 *fill*         0x00000000401017f8        0x0 
 *fill*         0x00000000401017f8        0x0 
 *fill*         0x00000000401017f8        0x0 
 *fill*         0x00000000401017f8        0x0 
 *fill*         0x00000000401017f8        0x0 
 *fill*         0x00000000401017f8        0x0 
 *fill*         0x00000000401017f8        0x0 
 *fill*         0x00000000401017f8        0x0 
 *fill*         0x00000000401017f8        0x0 
 *fill*         0x00000000401017f8        0x0 
 *fill*         0x00000000401017f8        0x0 
 *fill*         0x00000000401017f8        0x0 
 *fill*         0x00000000401017f8        0x0 
 *fill*         0x00000000401017f8        0x0 
 *fill*         0x00000000401017f8        0x0 
 *(.iram1 .iram1.*)
 .iram1.0       0x00000000401017f8       0x18 /home/samjin-rnd-pc/st-device-sdk-c-ref/apps/esp8266/ST_samjin_wallswitch/build/bootloader/log/liblog.a(log.o)
                0x00000000401017f8                esp_log_early_timestamp
 .iram1.1       0x0000000040101810       0x96 /home/samjin-rnd-pc/st-device-sdk-c-ref/apps/esp8266/ST_samjin_wallswitch/build/bootloader/log/liblog.a(log.o)
                                         0xa1 (size before relaxing)
                0x0000000040101810                esp_early_log_write
 *fill*         0x00000000401018a6        0x2 
 .iram1.0       0x00000000401018a8       0x35 /home/samjin-rnd-pc/st-device-sdk-c-ref/apps/esp8266/ST_samjin_wallswitch/build/bootloader/esp8266/libesp8266.a(ets_printf.o)
                                         0x39 (size before relaxing)
                0x00000000401018a8                ets_printf
 *fill*         0x00000000401018dd        0x0 
 *fill*         0x00000000401018dd        0x0 
 *(.fini.literal)
 *(.fini)
 *(.gnu.version)
                0x00000000401018dd                _text_end = ABSOLUTE (.)
                0x00000000401018dd                _etext = .

.bss            0x000000003ffe8000      0x408
                0x000000003ffe8000                . = ALIGN (0x8)
                0x000000003ffe8000                _bss_start = ABSOLUTE (.)
 *(.dynsbss)
 *(.sbss)
 *(.sbss.*)
 *(.gnu.linkonce.sb.*)
 *(.scommon)
 *(.sbss2)
 *(.sbss2.*)
 *(.gnu.linkonce.sb2.*)
 *(.dynbss)
 *(.bss)
 *(.bss.*)
 .bss.pbuf$3623
                0x000000003ffe8000      0x400 /home/samjin-rnd-pc/st-device-sdk-c-ref/apps/esp8266/ST_samjin_wallswitch/build/bootloader/bootloader_support/libbootloader_support.a(esp_image_format.o)
 .bss.mapped    0x000000003ffe8400        0x1 /home/samjin-rnd-pc/st-device-sdk-c-ref/apps/esp8266/ST_samjin_wallswitch/build/bootloader/bootloader_support/libbootloader_support.a(bootloader_flash.o)
 .bss.FlashIsOnGoing
                0x000000003ffe8401        0x1 /home/samjin-rnd-pc/st-device-sdk-c-ref/apps/esp8266/ST_samjin_wallswitch/build/bootloader/spi_flash/libspi_flash.a(spi_flash.o)
                0x000000003ffe8401                FlashIsOnGoing
 *(.gnu.linkonce.b.*)
 *(COMMON)
                0x000000003ffe8408                . = ALIGN (0x8)
 *fill*         0x000000003ffe8402        0x6 
                0x000000003ffe8408                _bss_end = ABSOLUTE (.)

.data           0x000000003ffe8408       0x18
                0x000000003ffe8408                _data_start = ABSOLUTE (.)
 *(.data)
 *(.data.*)
 .data.g_rom_flashchip
                0x000000003ffe8408       0x18 /home/samjin-rnd-pc/st-device-sdk-c-ref/apps/esp8266/ST_samjin_wallswitch/build/bootloader/spi_flash/libspi_flash.a(spi_flash.o)
                0x000000003ffe8408                g_rom_flashchip
 *(.gnu.linkonce.d.*)
 *(.data1)
 *(.sdata)
 *(.sdata.*)
 *(.gnu.linkonce.s.*)
 *(.sdata2)
 *(.sdata2.*)
 *(.gnu.linkonce.s2.*)
 *(.jcr)
                0x000000003ffe8420                _data_end = ABSOLUTE (.)

.rodata         0x000000003ffe8420      0xa34
                0x000000003ffe8420                _rodata_start = ABSOLUTE (.)
 *(.rodata)
 *(.rodata.*)
 .rodata.select_image.str1.4
                0x000000003ffe8420       0x21 /home/samjin-rnd-pc/st-device-sdk-c-ref/apps/esp8266/ST_samjin_wallswitch/build/bootloader/main/libmain.a(bootloader_start.o)
 *fill*         0x000000003ffe8441        0x3 
 .rodata.bootloader_main.str1.4
                0x000000003ffe8444       0x22 /home/samjin-rnd-pc/st-device-sdk-c-ref/apps/esp8266/ST_samjin_wallswitch/build/bootloader/bootloader_support/libbootloader_support.a(bootloader_init.o)
                                         0x29 (size before relaxing)
 *fill*         0x000000003ffe8466        0x2 
 .rodata.log_invalid_app_partition.str1.4
                0x000000003ffe8468       0x68 /home/samjin-rnd-pc/st-device-sdk-c-ref/apps/esp8266/ST_samjin_wallswitch/build/bootloader/bootloader_support/libbootloader_support.a(bootloader_utility.o)
                                         0x70 (size before relaxing)
 .rodata.bootloader_utility_load_partition_table.str1.4
                0x000000003ffe84d0       0x45 /home/samjin-rnd-pc/st-device-sdk-c-ref/apps/esp8266/ST_samjin_wallswitch/build/bootloader/bootloader_support/libbootloader_support.a(bootloader_utility.o)
 *fill*         0x000000003ffe8515        0x3 
 .rodata.bootloader_utility_get_selected_boot_partition.str1.4
                0x000000003ffe8518       0xb3 /home/samjin-rnd-pc/st-device-sdk-c-ref/apps/esp8266/ST_samjin_wallswitch/build/bootloader/bootloader_support/libbootloader_support.a(bootloader_utility.o)
 *fill*         0x000000003ffe85cb        0x1 
 .rodata.bootloader_utility_load_boot_image.str1.4
                0x000000003ffe85cc       0x9a /home/samjin-rnd-pc/st-device-sdk-c-ref/apps/esp8266/ST_samjin_wallswitch/build/bootloader/bootloader_support/libbootloader_support.a(bootloader_utility.o)
 *fill*         0x000000003ffe8666        0x2 
 .rodata.esp_partition_table_basic_verify.str1.4
                0x000000003ffe8668       0xb4 /home/samjin-rnd-pc/st-device-sdk-c-ref/apps/esp8266/ST_samjin_wallswitch/build/bootloader/bootloader_support/libbootloader_support.a(flash_partitions.o)
 .rodata.verify_image_header.str1.4
                0x000000003ffe871c       0x82 /home/samjin-rnd-pc/st-device-sdk-c-ref/apps/esp8266/ST_samjin_wallswitch/build/bootloader/bootloader_support/libbootloader_support.a(esp_image_format.o)
 *fill*         0x000000003ffe879e        0x2 
 .rodata.process_segment_data.str1.4
                0x000000003ffe87a0       0x27 /home/samjin-rnd-pc/st-device-sdk-c-ref/apps/esp8266/ST_samjin_wallswitch/build/bootloader/bootloader_support/libbootloader_support.a(esp_image_format.o)
 *fill*         0x000000003ffe87c7        0x1 
 .rodata.verify_checksum.str1.4
                0x000000003ffe87c8       0x57 /home/samjin-rnd-pc/st-device-sdk-c-ref/apps/esp8266/ST_samjin_wallswitch/build/bootloader/bootloader_support/libbootloader_support.a(esp_image_format.o)
 *fill*         0x000000003ffe881f        0x1 
 .rodata.process_segment.str1.4
                0x000000003ffe8820       0x46 /home/samjin-rnd-pc/st-device-sdk-c-ref/apps/esp8266/ST_samjin_wallswitch/build/bootloader/bootloader_support/libbootloader_support.a(esp_image_format.o)
 *fill*         0x000000003ffe8866        0x2 
 .rodata.esp_image_load.str1.4
                0x000000003ffe8868       0xaf /home/samjin-rnd-pc/st-device-sdk-c-ref/apps/esp8266/ST_samjin_wallswitch/build/bootloader/bootloader_support/libbootloader_support.a(esp_image_format.o)
 *fill*         0x000000003ffe8917        0x1 
 .rodata.bootloader_mmap.str1.4
                0x000000003ffe8918       0x57 /home/samjin-rnd-pc/st-device-sdk-c-ref/apps/esp8266/ST_samjin_wallswitch/build/bootloader/bootloader_support/libbootloader_support.a(bootloader_flash.o)
 *fill*         0x000000003ffe896f        0x1 
 .rodata.bootloader_flash_read.str1.4
                0x000000003ffe8970       0x9f /home/samjin-rnd-pc/st-device-sdk-c-ref/apps/esp8266/ST_samjin_wallswitch/build/bootloader/bootloader_support/libbootloader_support.a(bootloader_flash.o)
 *fill*         0x000000003ffe8a0f        0x1 
 .rodata.str1.4
                0x000000003ffe8a10       0x24 /home/samjin-rnd-pc/st-device-sdk-c-ref/apps/esp8266/ST_samjin_wallswitch/build/bootloader/log/liblog.a(log.o)
                                         0x22 (size before relaxing)
 .rodata.s_log_prefix
                0x000000003ffe8a34        0x6 /home/samjin-rnd-pc/st-device-sdk-c-ref/apps/esp8266/ST_samjin_wallswitch/build/bootloader/log/liblog.a(log.o)
 *fill*         0x000000003ffe8a3a        0x2 
 .rodata.s_log_color
                0x000000003ffe8a3c       0x18 /home/samjin-rnd-pc/st-device-sdk-c-ref/apps/esp8266/ST_samjin_wallswitch/build/bootloader/log/liblog.a(log.o)
 .rodata.crc32_le_table
                0x000000003ffe8a54      0x400 /home/samjin-rnd-pc/st-device-sdk-c-ref/apps/esp8266/ST_samjin_wallswitch/build/bootloader/esp8266/libesp8266.a(crc.o)
 *(.gnu.linkonce.r.*)
 *(.rodata1)
                0x000000003ffe8e54                __XT_EXCEPTION_TABLE_ = ABSOLUTE (.)
 *(.xt_except_table)
 *(.gcc_except_table)
 *(.gnu.linkonce.e.*)
 *(.gnu.version_r)
 *(.eh_frame)
                0x000000003ffe8e54                . = ((. + 0x3) & 0xfffffffffffffffc)
                0x000000003ffe8e54                __init_array_start = ABSOLUTE (.)
 *crtbegin.o(.ctors)
 *(EXCLUDE_FILE(*crtend.o) .ctors)
 *(SORT_BY_NAME(.ctors.*))
 *(.ctors)
                0x000000003ffe8e54                __init_array_end = ABSOLUTE (.)
 *crtbegin.o(.dtors)
 *(EXCLUDE_FILE(*crtend.o) .dtors)
 *(SORT_BY_NAME(.dtors.*))
 *(.dtors)
                0x000000003ffe8e54                __XT_EXCEPTION_DESCS_ = ABSOLUTE (.)
 *(.xt_except_desc)
 *(.gnu.linkonce.h.*)
                0x000000003ffe8e54                __XT_EXCEPTION_DESCS_END__ = ABSOLUTE (.)
 *(.xt_except_desc_end)
 *(.dynamic)
 *(.gnu.version_d)
                0x000000003ffe8e54                _rodata_end = ABSOLUTE (.)
                0x000000003ffe8e54                _lit4_start = ABSOLUTE (.)
 *(*.lit4)
 *(.lit4.*)
 *(.gnu.linkonce.lit4.*)
                0x000000003ffe8e54                _lit4_end = ABSOLUTE (.)
                0x000000003ffe8e54                . = ALIGN (0x4)
                0x000000003ffe8e54                _heap_start = ABSOLUTE (.)
                0x0000000060001100                PROVIDE (rtc_sys_info = 0x60001100)
                0x00000000400040c0                PROVIDE (SPI_sector_erase = 0x400040c0)
                0x0000000040004174                PROVIDE (SPI_page_program = 0x40004174)
                0x00000000400042ac                PROVIDE (SPI_read_data = 0x400042ac)
                0x00000000400043c8                PROVIDE (SPI_read_status = 0x400043c8)
                0x0000000040004400                PROVIDE (SPI_write_status = 0x40004400)
                0x000000004000443c                PROVIDE (SPI_write_enable = 0x4000443c)
                0x000000004000448c                PROVIDE (Wait_SPI_Idle = 0x4000448c)
                0x00000000400044c0                PROVIDE (Enable_QMode = 0x400044c0)
                [!provide]                        PROVIDE (Disable_QMode = 0x40004508)
                0x0000000040004678                PROVIDE (Cache_Read_Enable = 0x40004678)
                0x00000000400047f0                PROVIDE (Cache_Read_Disable = 0x400047f0)
                [!provide]                        PROVIDE (lldesc_build_chain = 0x40004f40)
                [!provide]                        PROVIDE (lldesc_num2link = 0x40005050)
                [!provide]                        PROVIDE (lldesc_set_owner = 0x4000507c)
                0x000000004000c538                __adddf3 = 0x4000c538
                0x000000004000c180                __addsf3 = 0x4000c180
                0x000000004000cb94                __divdf3 = 0x4000cb94
                0x000000004000ce60                __divdi3 = 0x4000ce60
                0x000000004000dc88                __divsi3 = 0x4000dc88
                0x000000004000cdfc                __extendsfdf2 = 0x4000cdfc
                0x000000004000ccb8                __fixdfsi = 0x4000ccb8
                0x000000004000cd00                __fixunsdfsi = 0x4000cd00
                0x000000004000c4c4                __fixunssfsi = 0x4000c4c4
                0x000000004000e2f0                __floatsidf = 0x4000e2f0
                0x000000004000e2ac                __floatsisf = 0x4000e2ac
                0x000000004000e2e8                __floatunsidf = 0x4000e2e8
                0x000000004000e2a4                __floatunsisf = 0x4000e2a4
                0x000000004000c8f0                __muldf3 = 0x4000c8f0
                0x0000000040000650                __muldi3 = 0x40000650
                0x000000004000c3dc                __mulsf3 = 0x4000c3dc
                0x000000004000c688                __subdf3 = 0x4000c688
                0x000000004000c268                __subsf3 = 0x4000c268
                0x000000004000cd5c                __truncdfsf2 = 0x4000cd5c
                0x000000004000d310                __udivdi3 = 0x4000d310
                0x000000004000e21c                __udivsi3 = 0x4000e21c
                0x000000004000d770                __umoddi3 = 0x4000d770
                0x000000004000e268                __umodsi3 = 0x4000e268
                0x000000004000dcf0                __umulsidi3 = 0x4000dcf0
                0x000000004000de84                bzero = 0x4000de84
                0x000000004000dea8                memcmp = 0x4000dea8
                0x000000004000df48                memcpy = 0x4000df48
                0x000000004000e04c                memmove = 0x4000e04c
                0x000000004000e190                memset = 0x4000e190
                0x000000004000bdc8                strcmp = 0x4000bdc8
                0x000000004000bec8                strcpy = 0x4000bec8
                0x000000004000bf4c                strlen = 0x4000bf4c
                0x000000004000bfa8                strncmp = 0x4000bfa8
                0x000000004000c0a0                strncpy = 0x4000c0a0
                0x000000004000e1e0                strstr = 0x4000e1e0
                0x0000000040004cf0                PROVIDE (gpio_input_get = 0x40004cf0)
                [!provide]                        PROVIDE (gpio_pin_wakeup_disable = 0x40004ed4)
                [!provide]                        PROVIDE (gpio_pin_wakeup_enable = 0x40004e90)
                0x0000000040001f00                PROVIDE (ets_io_vprintf = 0x40001f00)
                [!provide]                        PROVIDE (uart_rx_one_char = 0x40003b8c)
                [!provide]                        PROVIDE (rom_i2c_readReg = 0x40007268)
                [!provide]                        PROVIDE (rom_i2c_readReg_Mask = 0x4000729c)
                [!provide]                        PROVIDE (rom_i2c_writeReg = 0x400072d8)
                [!provide]                        PROVIDE (rom_i2c_writeReg_Mask = 0x4000730c)
                [!provide]                        PROVIDE (rom_software_reboot = 0x40000080)
                [!provide]                        PROVIDE (ets_memcpy = 0x400018b4)
                0x0000000040004b1c                PROVIDE (SPIRead = 0x40004b1c)
                0x0000000040004a4c                PROVIDE (SPIWrite = 0x40004a4c)
                0x0000000040004a00                PROVIDE (SPIEraseSector = 0x40004a00)
                [!provide]                        PROVIDE (gpio_input_get = 0x40004cf0)
                [!provide]                        PROVIDE (xthal_get_ccount = 0x4000dd38)
                [!provide]                        PROVIDE (uart_div_modify = 0x400039d8)
                [!provide]                        PROVIDE (ets_io_vprintf = 0x40001f00)
OUTPUT(/home/samjin-rnd-pc/st-device-sdk-c-ref/apps/esp8266/ST_samjin_wallswitch/build/bootloader/bootloader.elf elf32-xtensa-le)

.debug_frame    0x0000000000000000      0xab8
 .debug_frame   0x0000000000000000       0x74 /home/samjin-rnd-pc/st-device-sdk-c-ref/apps/esp8266/ST_samjin_wallswitch/build/bootloader/main/libmain.a(bootloader_start.o)
 .debug_frame   0x0000000000000074       0x70 /home/samjin-rnd-pc/st-device-sdk-c-ref/apps/esp8266/ST_samjin_wallswitch/build/bootloader/bootloader_support/libbootloader_support.a(bootloader_init.o)
 .debug_frame   0x00000000000000e4      0x13c /home/samjin-rnd-pc/st-device-sdk-c-ref/apps/esp8266/ST_samjin_wallswitch/build/bootloader/bootloader_support/libbootloader_support.a(bootloader_utility.o)
 .debug_frame   0x0000000000000220       0x74 /home/samjin-rnd-pc/st-device-sdk-c-ref/apps/esp8266/ST_samjin_wallswitch/build/bootloader/bootloader_support/libbootloader_support.a(bootloader_common.o)
 .debug_frame   0x0000000000000294       0x38 /home/samjin-rnd-pc/st-device-sdk-c-ref/apps/esp8266/ST_samjin_wallswitch/build/bootloader/bootloader_support/libbootloader_support.a(flash_partitions.o)
 .debug_frame   0x00000000000002cc      0x13c /home/samjin-rnd-pc/st-device-sdk-c-ref/apps/esp8266/ST_samjin_wallswitch/build/bootloader/bootloader_support/libbootloader_support.a(esp_image_format.o)
 .debug_frame   0x0000000000000408       0xdc /home/samjin-rnd-pc/st-device-sdk-c-ref/apps/esp8266/ST_samjin_wallswitch/build/bootloader/bootloader_support/libbootloader_support.a(bootloader_flash.o)
 .debug_frame   0x00000000000004e4      0x350 /home/samjin-rnd-pc/st-device-sdk-c-ref/apps/esp8266/ST_samjin_wallswitch/build/bootloader/spi_flash/libspi_flash.a(spi_flash.o)
 .debug_frame   0x0000000000000834      0x16c /home/samjin-rnd-pc/st-device-sdk-c-ref/apps/esp8266/ST_samjin_wallswitch/build/bootloader/spi_flash/libspi_flash.a(spi_flash_raw.o)
 .debug_frame   0x00000000000009a0       0x58 /home/samjin-rnd-pc/st-device-sdk-c-ref/apps/esp8266/ST_samjin_wallswitch/build/bootloader/log/liblog.a(log.o)
 .debug_frame   0x00000000000009f8       0x80 /home/samjin-rnd-pc/st-device-sdk-c-ref/apps/esp8266/ST_samjin_wallswitch/build/bootloader/esp8266/libesp8266.a(ets_printf.o)
 .debug_frame   0x0000000000000a78       0x40 /home/samjin-rnd-pc/st-device-sdk-c-ref/apps/esp8266/ST_samjin_wallswitch/build/bootloader/esp8266/libesp8266.a(crc.o)

.debug_info     0x0000000000000000     0xc45d
 .debug_info    0x0000000000000000      0xd7f /home/samjin-rnd-pc/st-device-sdk-c-ref/apps/esp8266/ST_samjin_wallswitch/build/bootloader/main/libmain.a(bootloader_start.o)
 .debug_info    0x0000000000000d7f      0xd1c /home/samjin-rnd-pc/st-device-sdk-c-ref/apps/esp8266/ST_samjin_wallswitch/build/bootloader/bootloader_support/libbootloader_support.a(bootloader_init.o)
 .debug_info    0x0000000000001a9b     0x16c9 /home/samjin-rnd-pc/st-device-sdk-c-ref/apps/esp8266/ST_samjin_wallswitch/build/bootloader/bootloader_support/libbootloader_support.a(bootloader_utility.o)
 .debug_info    0x0000000000003164     0x12b3 /home/samjin-rnd-pc/st-device-sdk-c-ref/apps/esp8266/ST_samjin_wallswitch/build/bootloader/bootloader_support/libbootloader_support.a(bootloader_common.o)
 .debug_info    0x0000000000004417      0xca5 /home/samjin-rnd-pc/st-device-sdk-c-ref/apps/esp8266/ST_samjin_wallswitch/build/bootloader/bootloader_support/libbootloader_support.a(flash_partitions.o)
 .debug_info    0x00000000000050bc     0x1664 /home/samjin-rnd-pc/st-device-sdk-c-ref/apps/esp8266/ST_samjin_wallswitch/build/bootloader/bootloader_support/libbootloader_support.a(esp_image_format.o)
 .debug_info    0x0000000000006720      0xe3a /home/samjin-rnd-pc/st-device-sdk-c-ref/apps/esp8266/ST_samjin_wallswitch/build/bootloader/bootloader_support/libbootloader_support.a(bootloader_flash.o)
 .debug_info    0x000000000000755a     0x1dd3 /home/samjin-rnd-pc/st-device-sdk-c-ref/apps/esp8266/ST_samjin_wallswitch/build/bootloader/spi_flash/libspi_flash.a(spi_flash.o)
 .debug_info    0x000000000000932d     0x10c9 /home/samjin-rnd-pc/st-device-sdk-c-ref/apps/esp8266/ST_samjin_wallswitch/build/bootloader/spi_flash/libspi_flash.a(spi_flash_raw.o)
 .debug_info    0x000000000000a3f6     0x12ba /home/samjin-rnd-pc/st-device-sdk-c-ref/apps/esp8266/ST_samjin_wallswitch/build/bootloader/log/liblog.a(log.o)
 .debug_info    0x000000000000b6b0      0xb66 /home/samjin-rnd-pc/st-device-sdk-c-ref/apps/esp8266/ST_samjin_wallswitch/build/bootloader/esp8266/libesp8266.a(ets_printf.o)
 .debug_info    0x000000000000c216      0x247 /home/samjin-rnd-pc/st-device-sdk-c-ref/apps/esp8266/ST_samjin_wallswitch/build/bootloader/esp8266/libesp8266.a(crc.o)

.debug_abbrev   0x0000000000000000     0x217b
 .debug_abbrev  0x0000000000000000      0x2a2 /home/samjin-rnd-pc/st-device-sdk-c-ref/apps/esp8266/ST_samjin_wallswitch/build/bootloader/main/libmain.a(bootloader_start.o)
 .debug_abbrev  0x00000000000002a2      0x2fe /home/samjin-rnd-pc/st-device-sdk-c-ref/apps/esp8266/ST_samjin_wallswitch/build/bootloader/bootloader_support/libbootloader_support.a(bootloader_init.o)
 .debug_abbrev  0x00000000000005a0      0x355 /home/samjin-rnd-pc/st-device-sdk-c-ref/apps/esp8266/ST_samjin_wallswitch/build/bootloader/bootloader_support/libbootloader_support.a(bootloader_utility.o)
 .debug_abbrev  0x00000000000008f5      0x2c7 /home/samjin-rnd-pc/st-device-sdk-c-ref/apps/esp8266/ST_samjin_wallswitch/build/bootloader/bootloader_support/libbootloader_support.a(bootloader_common.o)
 .debug_abbrev  0x0000000000000bbc      0x271 /home/samjin-rnd-pc/st-device-sdk-c-ref/apps/esp8266/ST_samjin_wallswitch/build/bootloader/bootloader_support/libbootloader_support.a(flash_partitions.o)
 .debug_abbrev  0x0000000000000e2d      0x316 /home/samjin-rnd-pc/st-device-sdk-c-ref/apps/esp8266/ST_samjin_wallswitch/build/bootloader/bootloader_support/libbootloader_support.a(esp_image_format.o)
 .debug_abbrev  0x0000000000001143      0x2aa /home/samjin-rnd-pc/st-device-sdk-c-ref/apps/esp8266/ST_samjin_wallswitch/build/bootloader/bootloader_support/libbootloader_support.a(bootloader_flash.o)
 .debug_abbrev  0x00000000000013ed      0x45b /home/samjin-rnd-pc/st-device-sdk-c-ref/apps/esp8266/ST_samjin_wallswitch/build/bootloader/spi_flash/libspi_flash.a(spi_flash.o)
 .debug_abbrev  0x0000000000001848      0x29d /home/samjin-rnd-pc/st-device-sdk-c-ref/apps/esp8266/ST_samjin_wallswitch/build/bootloader/spi_flash/libspi_flash.a(spi_flash_raw.o)
 .debug_abbrev  0x0000000000001ae5      0x315 /home/samjin-rnd-pc/st-device-sdk-c-ref/apps/esp8266/ST_samjin_wallswitch/build/bootloader/log/liblog.a(log.o)
 .debug_abbrev  0x0000000000001dfa      0x2a2 /home/samjin-rnd-pc/st-device-sdk-c-ref/apps/esp8266/ST_samjin_wallswitch/build/bootloader/esp8266/libesp8266.a(ets_printf.o)
 .debug_abbrev  0x000000000000209c       0xdf /home/samjin-rnd-pc/st-device-sdk-c-ref/apps/esp8266/ST_samjin_wallswitch/build/bootloader/esp8266/libesp8266.a(crc.o)

.debug_loc      0x0000000000000000     0x3569
 .debug_loc     0x0000000000000000       0x9b /home/samjin-rnd-pc/st-device-sdk-c-ref/apps/esp8266/ST_samjin_wallswitch/build/bootloader/main/libmain.a(bootloader_start.o)
 .debug_loc     0x000000000000009b       0x25 /home/samjin-rnd-pc/st-device-sdk-c-ref/apps/esp8266/ST_samjin_wallswitch/build/bootloader/bootloader_support/libbootloader_support.a(bootloader_init.o)
 .debug_loc     0x00000000000000c0      0x6f8 /home/samjin-rnd-pc/st-device-sdk-c-ref/apps/esp8266/ST_samjin_wallswitch/build/bootloader/bootloader_support/libbootloader_support.a(bootloader_utility.o)
 .debug_loc     0x00000000000007b8      0x18f /home/samjin-rnd-pc/st-device-sdk-c-ref/apps/esp8266/ST_samjin_wallswitch/build/bootloader/bootloader_support/libbootloader_support.a(bootloader_common.o)
 .debug_loc     0x0000000000000947      0x11a /home/samjin-rnd-pc/st-device-sdk-c-ref/apps/esp8266/ST_samjin_wallswitch/build/bootloader/bootloader_support/libbootloader_support.a(flash_partitions.o)
 .debug_loc     0x0000000000000a61      0xae4 /home/samjin-rnd-pc/st-device-sdk-c-ref/apps/esp8266/ST_samjin_wallswitch/build/bootloader/bootloader_support/libbootloader_support.a(esp_image_format.o)
 .debug_loc     0x0000000000001545      0x427 /home/samjin-rnd-pc/st-device-sdk-c-ref/apps/esp8266/ST_samjin_wallswitch/build/bootloader/bootloader_support/libbootloader_support.a(bootloader_flash.o)
 .debug_loc     0x000000000000196c     0x11dd /home/samjin-rnd-pc/st-device-sdk-c-ref/apps/esp8266/ST_samjin_wallswitch/build/bootloader/spi_flash/libspi_flash.a(spi_flash.o)
 .debug_loc     0x0000000000002b49      0x668 /home/samjin-rnd-pc/st-device-sdk-c-ref/apps/esp8266/ST_samjin_wallswitch/build/bootloader/spi_flash/libspi_flash.a(spi_flash_raw.o)
 .debug_loc     0x00000000000031b1      0x119 /home/samjin-rnd-pc/st-device-sdk-c-ref/apps/esp8266/ST_samjin_wallswitch/build/bootloader/log/liblog.a(log.o)
 .debug_loc     0x00000000000032ca       0xe9 /home/samjin-rnd-pc/st-device-sdk-c-ref/apps/esp8266/ST_samjin_wallswitch/build/bootloader/esp8266/libesp8266.a(ets_printf.o)
 .debug_loc     0x00000000000033b3      0x1b6 /home/samjin-rnd-pc/st-device-sdk-c-ref/apps/esp8266/ST_samjin_wallswitch/build/bootloader/esp8266/libesp8266.a(crc.o)

.debug_aranges  0x0000000000000000      0x3a0
 .debug_aranges
                0x0000000000000000       0x30 /home/samjin-rnd-pc/st-device-sdk-c-ref/apps/esp8266/ST_samjin_wallswitch/build/bootloader/main/libmain.a(bootloader_start.o)
 .debug_aranges
                0x0000000000000030       0x30 /home/samjin-rnd-pc/st-device-sdk-c-ref/apps/esp8266/ST_samjin_wallswitch/build/bootloader/bootloader_support/libbootloader_support.a(bootloader_init.o)
 .debug_aranges
                0x0000000000000060       0x60 /home/samjin-rnd-pc/st-device-sdk-c-ref/apps/esp8266/ST_samjin_wallswitch/build/bootloader/bootloader_support/libbootloader_support.a(bootloader_utility.o)
 .debug_aranges
                0x00000000000000c0       0x30 /home/samjin-rnd-pc/st-device-sdk-c-ref/apps/esp8266/ST_samjin_wallswitch/build/bootloader/bootloader_support/libbootloader_support.a(bootloader_common.o)
 .debug_aranges
                0x00000000000000f0       0x20 /home/samjin-rnd-pc/st-device-sdk-c-ref/apps/esp8266/ST_samjin_wallswitch/build/bootloader/bootloader_support/libbootloader_support.a(flash_partitions.o)
 .debug_aranges
                0x0000000000000110       0x60 /home/samjin-rnd-pc/st-device-sdk-c-ref/apps/esp8266/ST_samjin_wallswitch/build/bootloader/bootloader_support/libbootloader_support.a(esp_image_format.o)
 .debug_aranges
                0x0000000000000170       0x48 /home/samjin-rnd-pc/st-device-sdk-c-ref/apps/esp8266/ST_samjin_wallswitch/build/bootloader/bootloader_support/libbootloader_support.a(bootloader_flash.o)
 .debug_aranges
                0x00000000000001b8       0xe8 /home/samjin-rnd-pc/st-device-sdk-c-ref/apps/esp8266/ST_samjin_wallswitch/build/bootloader/spi_flash/libspi_flash.a(spi_flash.o)
 .debug_aranges
                0x00000000000002a0       0x70 /home/samjin-rnd-pc/st-device-sdk-c-ref/apps/esp8266/ST_samjin_wallswitch/build/bootloader/spi_flash/libspi_flash.a(spi_flash_raw.o)
 .debug_aranges
                0x0000000000000310       0x28 /home/samjin-rnd-pc/st-device-sdk-c-ref/apps/esp8266/ST_samjin_wallswitch/build/bootloader/log/liblog.a(log.o)
 .debug_aranges
                0x0000000000000338       0x38 /home/samjin-rnd-pc/st-device-sdk-c-ref/apps/esp8266/ST_samjin_wallswitch/build/bootloader/esp8266/libesp8266.a(ets_printf.o)
 .debug_aranges
                0x0000000000000370       0x30 /home/samjin-rnd-pc/st-device-sdk-c-ref/apps/esp8266/ST_samjin_wallswitch/build/bootloader/esp8266/libesp8266.a(crc.o)

.debug_ranges   0x0000000000000000      0x310
 .debug_ranges  0x0000000000000000       0x20 /home/samjin-rnd-pc/st-device-sdk-c-ref/apps/esp8266/ST_samjin_wallswitch/build/bootloader/main/libmain.a(bootloader_start.o)
 .debug_ranges  0x0000000000000020       0x20 /home/samjin-rnd-pc/st-device-sdk-c-ref/apps/esp8266/ST_samjin_wallswitch/build/bootloader/bootloader_support/libbootloader_support.a(bootloader_init.o)
 .debug_ranges  0x0000000000000040       0x50 /home/samjin-rnd-pc/st-device-sdk-c-ref/apps/esp8266/ST_samjin_wallswitch/build/bootloader/bootloader_support/libbootloader_support.a(bootloader_utility.o)
 .debug_ranges  0x0000000000000090       0x20 /home/samjin-rnd-pc/st-device-sdk-c-ref/apps/esp8266/ST_samjin_wallswitch/build/bootloader/bootloader_support/libbootloader_support.a(bootloader_common.o)
 .debug_ranges  0x00000000000000b0       0x10 /home/samjin-rnd-pc/st-device-sdk-c-ref/apps/esp8266/ST_samjin_wallswitch/build/bootloader/bootloader_support/libbootloader_support.a(flash_partitions.o)
 .debug_ranges  0x00000000000000c0       0x68 /home/samjin-rnd-pc/st-device-sdk-c-ref/apps/esp8266/ST_samjin_wallswitch/build/bootloader/bootloader_support/libbootloader_support.a(esp_image_format.o)
 .debug_ranges  0x0000000000000128       0x38 /home/samjin-rnd-pc/st-device-sdk-c-ref/apps/esp8266/ST_samjin_wallswitch/build/bootloader/bootloader_support/libbootloader_support.a(bootloader_flash.o)
 .debug_ranges  0x0000000000000160       0xf0 /home/samjin-rnd-pc/st-device-sdk-c-ref/apps/esp8266/ST_samjin_wallswitch/build/bootloader/spi_flash/libspi_flash.a(spi_flash.o)
 .debug_ranges  0x0000000000000250       0x60 /home/samjin-rnd-pc/st-device-sdk-c-ref/apps/esp8266/ST_samjin_wallswitch/build/bootloader/spi_flash/libspi_flash.a(spi_flash_raw.o)
 .debug_ranges  0x00000000000002b0       0x18 /home/samjin-rnd-pc/st-device-sdk-c-ref/apps/esp8266/ST_samjin_wallswitch/build/bootloader/log/liblog.a(log.o)
 .debug_ranges  0x00000000000002c8       0x28 /home/samjin-rnd-pc/st-device-sdk-c-ref/apps/esp8266/ST_samjin_wallswitch/build/bootloader/esp8266/libesp8266.a(ets_printf.o)
 .debug_ranges  0x00000000000002f0       0x20 /home/samjin-rnd-pc/st-device-sdk-c-ref/apps/esp8266/ST_samjin_wallswitch/build/bootloader/esp8266/libesp8266.a(crc.o)

.debug_line     0x0000000000000000     0x7b02
 .debug_line    0x0000000000000000      0x547 /home/samjin-rnd-pc/st-device-sdk-c-ref/apps/esp8266/ST_samjin_wallswitch/build/bootloader/main/libmain.a(bootloader_start.o)
 .debug_line    0x0000000000000547      0x57c /home/samjin-rnd-pc/st-device-sdk-c-ref/apps/esp8266/ST_samjin_wallswitch/build/bootloader/bootloader_support/libbootloader_support.a(bootloader_init.o)
 .debug_line    0x0000000000000ac3     0x11fc /home/samjin-rnd-pc/st-device-sdk-c-ref/apps/esp8266/ST_samjin_wallswitch/build/bootloader/bootloader_support/libbootloader_support.a(bootloader_utility.o)
 .debug_line    0x0000000000001cbf      0x615 /home/samjin-rnd-pc/st-device-sdk-c-ref/apps/esp8266/ST_samjin_wallswitch/build/bootloader/bootloader_support/libbootloader_support.a(bootloader_common.o)
 .debug_line    0x00000000000022d4      0x622 /home/samjin-rnd-pc/st-device-sdk-c-ref/apps/esp8266/ST_samjin_wallswitch/build/bootloader/bootloader_support/libbootloader_support.a(flash_partitions.o)
 .debug_line    0x00000000000028f6     0x11c3 /home/samjin-rnd-pc/st-device-sdk-c-ref/apps/esp8266/ST_samjin_wallswitch/build/bootloader/bootloader_support/libbootloader_support.a(esp_image_format.o)
 .debug_line    0x0000000000003ab9      0x84a /home/samjin-rnd-pc/st-device-sdk-c-ref/apps/esp8266/ST_samjin_wallswitch/build/bootloader/bootloader_support/libbootloader_support.a(bootloader_flash.o)
 .debug_line    0x0000000000004303     0x1f3a /home/samjin-rnd-pc/st-device-sdk-c-ref/apps/esp8266/ST_samjin_wallswitch/build/bootloader/spi_flash/libspi_flash.a(spi_flash.o)
 .debug_line    0x000000000000623d      0xbe9 /home/samjin-rnd-pc/st-device-sdk-c-ref/apps/esp8266/ST_samjin_wallswitch/build/bootloader/spi_flash/libspi_flash.a(spi_flash_raw.o)
 .debug_line    0x0000000000006e26      0x56b /home/samjin-rnd-pc/st-device-sdk-c-ref/apps/esp8266/ST_samjin_wallswitch/build/bootloader/log/liblog.a(log.o)
 .debug_line    0x0000000000007391      0x3fc /home/samjin-rnd-pc/st-device-sdk-c-ref/apps/esp8266/ST_samjin_wallswitch/build/bootloader/esp8266/libesp8266.a(ets_printf.o)
 .debug_line    0x000000000000778d      0x375 /home/samjin-rnd-pc/st-device-sdk-c-ref/apps/esp8266/ST_samjin_wallswitch/build/bootloader/esp8266/libesp8266.a(crc.o)

.debug_str      0x0000000000000000     0x26d8
 .debug_str     0x0000000000000000      0x85c /home/samjin-rnd-pc/st-device-sdk-c-ref/apps/esp8266/ST_samjin_wallswitch/build/bootloader/main/libmain.a(bootloader_start.o)
                                        0x931 (size before relaxing)
 .debug_str     0x000000000000085c      0x38f /home/samjin-rnd-pc/st-device-sdk-c-ref/apps/esp8266/ST_samjin_wallswitch/build/bootloader/bootloader_support/libbootloader_support.a(bootloader_init.o)
                                        0xa58 (size before relaxing)
 .debug_str     0x0000000000000beb      0x2f8 /home/samjin-rnd-pc/st-device-sdk-c-ref/apps/esp8266/ST_samjin_wallswitch/build/bootloader/bootloader_support/libbootloader_support.a(bootloader_utility.o)
                                        0xbe6 (size before relaxing)
 .debug_str     0x0000000000000ee3      0xacb /home/samjin-rnd-pc/st-device-sdk-c-ref/apps/esp8266/ST_samjin_wallswitch/build/bootloader/bootloader_support/libbootloader_support.a(bootloader_common.o)
                                       0x1114 (size before relaxing)
 .debug_str     0x00000000000019ae       0x93 /home/samjin-rnd-pc/st-device-sdk-c-ref/apps/esp8266/ST_samjin_wallswitch/build/bootloader/bootloader_support/libbootloader_support.a(flash_partitions.o)
                                        0x802 (size before relaxing)
 .debug_str     0x0000000000001a41      0x1e4 /home/samjin-rnd-pc/st-device-sdk-c-ref/apps/esp8266/ST_samjin_wallswitch/build/bootloader/bootloader_support/libbootloader_support.a(esp_image_format.o)
                                        0xbd4 (size before relaxing)
 .debug_str     0x0000000000001c25      0x145 /home/samjin-rnd-pc/st-device-sdk-c-ref/apps/esp8266/ST_samjin_wallswitch/build/bootloader/bootloader_support/libbootloader_support.a(bootloader_flash.o)
                                        0x7ea (size before relaxing)
 .debug_str     0x0000000000001d6a      0x566 /home/samjin-rnd-pc/st-device-sdk-c-ref/apps/esp8266/ST_samjin_wallswitch/build/bootloader/spi_flash/libspi_flash.a(spi_flash.o)
                                        0xd58 (size before relaxing)
 .debug_str     0x00000000000022d0      0x13b /home/samjin-rnd-pc/st-device-sdk-c-ref/apps/esp8266/ST_samjin_wallswitch/build/bootloader/spi_flash/libspi_flash.a(spi_flash_raw.o)
                                        0x914 (size before relaxing)
 .debug_str     0x000000000000240b      0x158 /home/samjin-rnd-pc/st-device-sdk-c-ref/apps/esp8266/ST_samjin_wallswitch/build/bootloader/log/liblog.a(log.o)
                                       0x107d (size before relaxing)
 .debug_str     0x0000000000002563       0xe3 /home/samjin-rnd-pc/st-device-sdk-c-ref/apps/esp8266/ST_samjin_wallswitch/build/bootloader/esp8266/libesp8266.a(ets_printf.o)
                                        0x6e2 (size before relaxing)
 .debug_str     0x0000000000002646       0x92 /home/samjin-rnd-pc/st-device-sdk-c-ref/apps/esp8266/ST_samjin_wallswitch/build/bootloader/esp8266/libesp8266.a(crc.o)
                                        0x20a (size before relaxing)

.comment        0x0000000000000000       0x31
 .comment       0x0000000000000000       0x31 /home/samjin-rnd-pc/st-device-sdk-c-ref/apps/esp8266/ST_samjin_wallswitch/build/bootloader/main/libmain.a(bootloader_start.o)
                                         0x32 (size before relaxing)
 .comment       0x0000000000000031       0x32 /home/samjin-rnd-pc/st-device-sdk-c-ref/apps/esp8266/ST_samjin_wallswitch/build/bootloader/bootloader_support/libbootloader_support.a(bootloader_init.o)
 .comment       0x0000000000000031       0x32 /home/samjin-rnd-pc/st-device-sdk-c-ref/apps/esp8266/ST_samjin_wallswitch/build/bootloader/bootloader_support/libbootloader_support.a(bootloader_utility.o)
 .comment       0x0000000000000031       0x32 /home/samjin-rnd-pc/st-device-sdk-c-ref/apps/esp8266/ST_samjin_wallswitch/build/bootloader/bootloader_support/libbootloader_support.a(bootloader_common.o)
 .comment       0x0000000000000031       0x32 /home/samjin-rnd-pc/st-device-sdk-c-ref/apps/esp8266/ST_samjin_wallswitch/build/bootloader/bootloader_support/libbootloader_support.a(flash_partitions.o)
 .comment       0x0000000000000031       0x32 /home/samjin-rnd-pc/st-device-sdk-c-ref/apps/esp8266/ST_samjin_wallswitch/build/bootloader/bootloader_support/libbootloader_support.a(esp_image_format.o)
 .comment       0x0000000000000031       0x32 /home/samjin-rnd-pc/st-device-sdk-c-ref/apps/esp8266/ST_samjin_wallswitch/build/bootloader/bootloader_support/libbootloader_support.a(bootloader_flash.o)
 .comment       0x0000000000000031       0x32 /home/samjin-rnd-pc/st-device-sdk-c-ref/apps/esp8266/ST_samjin_wallswitch/build/bootloader/spi_flash/libspi_flash.a(spi_flash.o)
 .comment       0x0000000000000031       0x32 /home/samjin-rnd-pc/st-device-sdk-c-ref/apps/esp8266/ST_samjin_wallswitch/build/bootloader/spi_flash/libspi_flash.a(spi_flash_raw.o)
 .comment       0x0000000000000031       0x32 /home/samjin-rnd-pc/st-device-sdk-c-ref/apps/esp8266/ST_samjin_wallswitch/build/bootloader/log/liblog.a(log.o)
 .comment       0x0000000000000031       0x32 /home/samjin-rnd-pc/st-device-sdk-c-ref/apps/esp8266/ST_samjin_wallswitch/build/bootloader/esp8266/libesp8266.a(ets_printf.o)
 .comment       0x0000000000000031       0x32 /home/samjin-rnd-pc/st-device-sdk-c-ref/apps/esp8266/ST_samjin_wallswitch/build/bootloader/esp8266/libesp8266.a(crc.o)
 .comment       0x0000000000000031       0x32 /home/samjin-rnd-pc/st-device-sdk-c-ref/bsp/esp8266/components/esp8266/lib/libcore.a(phy.o)

.xtensa.info    0x0000000000000000       0x38
 .xtensa.info   0x0000000000000000       0x38 /home/samjin-rnd-pc/st-device-sdk-c-ref/apps/esp8266/ST_samjin_wallswitch/build/bootloader/main/libmain.a(bootloader_start.o)
 .xtensa.info   0x0000000000000038        0x0 /home/samjin-rnd-pc/st-device-sdk-c-ref/apps/esp8266/ST_samjin_wallswitch/build/bootloader/bootloader_support/libbootloader_support.a(bootloader_init.o)
 .xtensa.info   0x0000000000000038        0x0 /home/samjin-rnd-pc/st-device-sdk-c-ref/apps/esp8266/ST_samjin_wallswitch/build/bootloader/bootloader_support/libbootloader_support.a(bootloader_utility.o)
 .xtensa.info   0x0000000000000038        0x0 /home/samjin-rnd-pc/st-device-sdk-c-ref/apps/esp8266/ST_samjin_wallswitch/build/bootloader/bootloader_support/libbootloader_support.a(bootloader_common.o)
 .xtensa.info   0x0000000000000038        0x0 /home/samjin-rnd-pc/st-device-sdk-c-ref/apps/esp8266/ST_samjin_wallswitch/build/bootloader/bootloader_support/libbootloader_support.a(flash_partitions.o)
 .xtensa.info   0x0000000000000038        0x0 /home/samjin-rnd-pc/st-device-sdk-c-ref/apps/esp8266/ST_samjin_wallswitch/build/bootloader/bootloader_support/libbootloader_support.a(esp_image_format.o)
 .xtensa.info   0x0000000000000038        0x0 /home/samjin-rnd-pc/st-device-sdk-c-ref/apps/esp8266/ST_samjin_wallswitch/build/bootloader/bootloader_support/libbootloader_support.a(bootloader_flash.o)
 .xtensa.info   0x0000000000000038        0x0 /home/samjin-rnd-pc/st-device-sdk-c-ref/apps/esp8266/ST_samjin_wallswitch/build/bootloader/spi_flash/libspi_flash.a(spi_flash.o)
 .xtensa.info   0x0000000000000038        0x0 /home/samjin-rnd-pc/st-device-sdk-c-ref/apps/esp8266/ST_samjin_wallswitch/build/bootloader/spi_flash/libspi_flash.a(spi_flash_raw.o)
 .xtensa.info   0x0000000000000038        0x0 /home/samjin-rnd-pc/st-device-sdk-c-ref/apps/esp8266/ST_samjin_wallswitch/build/bootloader/log/liblog.a(log.o)
 .xtensa.info   0x0000000000000038        0x0 /home/samjin-rnd-pc/st-device-sdk-c-ref/apps/esp8266/ST_samjin_wallswitch/build/bootloader/esp8266/libesp8266.a(ets_printf.o)
 .xtensa.info   0x0000000000000038        0x0 /home/samjin-rnd-pc/st-device-sdk-c-ref/apps/esp8266/ST_samjin_wallswitch/build/bootloader/esp8266/libesp8266.a(crc.o)
 .xtensa.info   0x0000000000000038        0x0 /home/samjin-rnd-pc/st-device-sdk-c-ref/apps/esp8266/ST_samjin_wallswitch/build/bootloader/esp8266/libesp8266.a(esp_fast_boot.o)
 .xtensa.info   0x0000000000000038        0x0 /home/samjin-rnd-pc/st-device-sdk-c-ref/bsp/esp8266/components/esp8266/lib/libcore.a(phy.o)
